[     0.3s] carregar_initial
[    19.6s] ajuste_initial
M:\Bibliotecas\Development\workspaces\hackathon-ia-coppe-2026\.venv\Lib\site-packages\lightgbm\sklearn.py:1106: LGBMDeprecationWarning: The argument 'eval_set' is deprecated, use 'eval_X' and 'eval_y' instead.
  eval_set = _validate_eval_set_Xy(eval_set=eval_set, eval_X=eval_X, eval_y=eval_y)
[    73.7s] carregar_refit
[    86.3s] ajuste_refit
[   117.8s] validacao
   parte 2025-09-15 2117808 linhas
   parte 2025-09-29 2197008 linhas
   parte 2025-10-13 2225664 linhas
   parte 2025-10-27 2207712 linhas
   parte 2025-11-10 2214576 linhas
   parte 2025-11-24 2225664 linhas
   parte 2025-12-08 2233008 linhas
   parte 2025-12-22 2283696 linhas
   parte 2026-01-05 1475664 linhas
[   167.7s] metricas
[   168.6s] fim
{
 "rows": 19180800,
 "model": {
  "mae": 14.789225487672644,
  "wape": 0.6838892359618954,
  "bias": -3.657789074524515
 },
 "baseline_ultimo_valor": {
  "mae": 21.625176578297047,
  "wape": 1.0,
  "bias": -21.625176578297047
 },
 "baseline_mesmo_horario_dia_anterior": {
  "mae": 16.092395616183083,
  "wape": 0.744150946371155,
  "bias": 1.1928144898894835
 },
 "baseline_mesmo_horario_recente": {
  "mae": 18.87730500750751,
  "wape": 0.8729318319857192,
  "bias": -0.48950687614698024
 },
 "baseline_historico": {
  "mae": 16.09269692066954,
  "wape": 0.7441648794128282,
  "bias": 1.193115794375936
 }
}
