[     0.3s] carregar_initial
[    21.7s] ajuste_initial
M:\Bibliotecas\Development\workspaces\hackathon-ia-coppe-2026\.venv\Lib\site-packages\lightgbm\sklearn.py:1106: LGBMDeprecationWarning: The argument 'eval_set' is deprecated, use 'eval_X' and 'eval_y' instead.
  eval_set = _validate_eval_set_Xy(eval_set=eval_set, eval_X=eval_X, eval_y=eval_y)
[    62.9s] carregar_refit
[    76.6s] ajuste_refit
[   102.0s] validacao
   parte 2025-05-15 2096640 linhas
   parte 2025-05-29 2096640 linhas
   parte 2025-06-12 2096640 linhas
   parte 2025-06-26 2096640 linhas
   parte 2025-07-10 2096640 linhas
   parte 2025-07-24 2096640 linhas
   parte 2025-08-07 2096640 linhas
   parte 2025-08-21 2096640 linhas
   parte 2025-09-04 1500720 linhas
[   150.3s] metricas
[   151.4s] fim
{
 "rows": 18273840,
 "model": {
  "mae": 17.27160945779674,
  "wape": 0.790662733677384,
  "bias": -14.639314873629145
 },
 "baseline_ultimo_valor": {
  "mae": 21.84447138094675,
  "wape": 1.0,
  "bias": -21.84447138094675
 },
 "baseline_mesmo_horario_dia_anterior": {
  "mae": 15.131595997200158,
  "wape": 0.692696826273319,
  "bias": -3.0529821533835246
 },
 "baseline_mesmo_horario_recente": {
  "mae": 19.328959921669444,
  "wape": 0.8848444800787721,
  "bias": -2.0274517504257448
 },
 "baseline_historico": {
  "mae": 15.131595997200158,
  "wape": 0.692696826273319,
  "bias": -3.0529821533835246
 }
}
