[     0.8s] carregar_initial
[    48.7s] ajuste_initial
M:\Bibliotecas\Development\workspaces\hackathon-ia-coppe-2026\.venv\Lib\site-packages\lightgbm\sklearn.py:1106: LGBMDeprecationWarning: The argument 'eval_set' is deprecated, use 'eval_X' and 'eval_y' instead.
  eval_set = _validate_eval_set_Xy(eval_set=eval_set, eval_X=eval_X, eval_y=eval_y)
[   139.7s] carregar_refit
[   181.0s] ajuste_refit
[   229.6s] validacao
   parte 2025-09-08 2491056 linhas
   parte 2025-09-15 2481888 linhas
   parte 2025-09-22 2483712 linhas
   parte 2025-09-29 2483712 linhas
   parte 2025-10-06 2483712 linhas
   parte 2025-10-13 2483712 linhas
   parte 2025-10-20 2483712 linhas
   parte 2025-10-27 2483712 linhas
   parte 2025-11-03 2483712 linhas
   parte 2025-11-10 2483712 linhas
   parte 2025-11-17 2483712 linhas
   parte 2025-11-24 2483712 linhas
   parte 2025-12-01 2483712 linhas
   parte 2025-12-08 2483712 linhas
   parte 2025-12-15 2483712 linhas
   parte 2025-12-22 2483712 linhas
   parte 2025-12-29 2483712 linhas
   parte 2026-01-05 717024 linhas
[   313.1s] metricas
[   314.9s] fim
{
 "rows": 42945648,
 "model": {
  "mae": 22.19499598117599,
  "wape": 0.7857028625535192,
  "bias": -13.963338967150325
 },
 "baseline_ultimo_valor": {
  "mae": 26.39690106897444,
  "wape": 0.9344503035740745,
  "bias": -18.472617782900844
 },
 "baseline_mesmo_horario_dia_anterior": {
  "mae": 20.093454834736477,
  "wape": 0.7113083055131875,
  "bias": 0.9493712990045041
 },
 "baseline_mesmo_horario_recente": {
  "mae": 22.42892586862352,
  "wape": 0.7939839806199623,
  "bias": 0.46472202524456035
 },
 "baseline_historico": {
  "mae": 20.10895400822156,
  "wape": 0.7118569762579252,
  "bias": 0.9520477290585004
 }
}
