[     0.6s] carregar_initial
[    17.3s] ajuste_initial
M:\Bibliotecas\Development\workspaces\hackathon-ia-coppe-2026\.venv\Lib\site-packages\lightgbm\sklearn.py:1106: LGBMDeprecationWarning: The argument 'eval_set' is deprecated, use 'eval_X' and 'eval_y' instead.
  eval_set = _validate_eval_set_Xy(eval_set=eval_set, eval_X=eval_X, eval_y=eval_y)
[    52.8s] carregar_refit
[    60.8s] ajuste_refit
[    67.7s] calibracao
[    79.2s] validacao
   parte 2025-05-15 2096640 linhas
   parte 2025-05-29 2096640 linhas
   parte 2025-06-12 2096640 linhas
   parte 2025-06-26 2096640 linhas
   parte 2025-07-10 2096640 linhas
   parte 2025-07-24 2096640 linhas
   parte 2025-08-07 2096640 linhas
   parte 2025-08-21 2096640 linhas
   parte 2025-09-04 1500720 linhas
[   108.5s] metricas
[   116.1s] fim
{
 "rows": 18273840,
 "prevalence": 0.25454343476795244,
 "model_ap": 0.8335391548752579,
 "baseline_historico_ap": 0.8347766762711314,
 "model_brier": 0.16767374528490092,
 "baseline_historico_brier": 0.07734997981179134,
 "weekly_ap_diff": {
  "weeks": 18,
  "mean": 0.0065239988789393905,
  "ci95": [
   -0.009571658664239695,
   0.025805889023379946
  ],
  "wins": 10
 }
}
