[     0.4s] carregar_initial
[    48.8s] ajuste_initial
M:\Bibliotecas\Development\workspaces\hackathon-ia-coppe-2026\.venv\Lib\site-packages\lightgbm\sklearn.py:1106: LGBMDeprecationWarning: The argument 'eval_set' is deprecated, use 'eval_X' and 'eval_y' instead.
  eval_set = _validate_eval_set_Xy(eval_set=eval_set, eval_X=eval_X, eval_y=eval_y)
[   164.7s] carregar_refit
[   196.4s] ajuste_refit
[   280.5s] validacao
   parte 2025-05-08 1279993 linhas
   parte 2025-05-15 1321021 linhas
   parte 2025-05-22 1016257 linhas
   parte 2025-05-29 901107 linhas
   parte 2025-06-05 1119661 linhas
   parte 2025-06-12 841806 linhas
   parte 2025-06-19 1172208 linhas
   parte 2025-06-26 854136 linhas
   parte 2025-07-03 830536 linhas
   parte 2025-07-10 1278673 linhas
   parte 2025-07-17 1318094 linhas
   parte 2025-07-24 1218838 linhas
   parte 2025-07-31 931075 linhas
   parte 2025-08-07 1337131 linhas
   parte 2025-08-14 1154878 linhas
   parte 2025-08-21 1487315 linhas
   parte 2025-08-28 1563789 linhas
   parte 2025-09-04 664261 linhas
[   575.3s] metricas
[   759.1s] fim
{
 "rows": 20290779,
 "model_macro_f1": 0.5643068495496744,
 "model_recall": {
  "REL": 0.31764093575577085,
  "CNF": 0.8372488173250656,
  "ENE": 0.6569901844069029
 },
 "baseline_ultimo_valor_macro_f1": 0.5029637092215437,
 "baseline_ultimo_valor_recall": {
  "REL": 0.2553863604272446,
  "CNF": 0.705305497263176,
  "ENE": 0.591008562581798
 },
 "baseline_historico_macro_f1": 0.5766264979915309,
 "baseline_historico_recall": {
  "REL": 0.13566871622402218,
  "CNF": 0.7106779177760209,
  "ENE": 0.836149764587292
 }
}
