[     0.4s] carregar_initial
[    48.8s] ajuste_initial
M:\Bibliotecas\Development\workspaces\hackathon-ia-coppe-2026\.venv\Lib\site-packages\lightgbm\sklearn.py:1106: LGBMDeprecationWarning: The argument 'eval_set' is deprecated, use 'eval_X' and 'eval_y' instead.
  eval_set = _validate_eval_set_Xy(eval_set=eval_set, eval_X=eval_X, eval_y=eval_y)
[   210.1s] carregar_refit
[   243.8s] ajuste_refit
[   342.5s] validacao
   parte 2025-09-08 1545903 linhas
   parte 2025-09-15 1359875 linhas
   parte 2025-09-22 1431969 linhas
   parte 2025-09-29 1542907 linhas
   parte 2025-10-06 1653318 linhas
   parte 2025-10-13 1584968 linhas
   parte 2025-10-20 1332027 linhas
   parte 2025-10-27 1578781 linhas
   parte 2025-11-03 1423726 linhas
   parte 2025-11-10 877549 linhas
   parte 2025-11-17 1541083 linhas
   parte 2025-11-24 1128670 linhas
   parte 2025-12-01 1331482 linhas
   parte 2025-12-08 811256 linhas
   parte 2025-12-15 1001327 linhas
   parte 2025-12-22 1095607 linhas
   parte 2025-12-29 1316567 linhas
   parte 2026-01-05 310302 linhas
[   583.7s] metricas
[   791.3s] fim
{
 "rows": 22867317,
 "model_macro_f1": 0.5066348483130998,
 "model_recall": {
  "REL": 0.0017459690887559592,
  "CNF": 0.8561283912578241,
  "ENE": 0.6749148300862782
 },
 "baseline_ultimo_valor_macro_f1": 0.43226463693418093,
 "baseline_ultimo_valor_recall": {
  "REL": 0.04850504559762751,
  "CNF": 0.691568075100667,
  "ENE": 0.5582374135666854
 },
 "baseline_historico_macro_f1": 0.5012100168123711,
 "baseline_historico_recall": {
  "REL": 0.023216328100486846,
  "CNF": 0.6705027613940303,
  "ENE": 0.8075610099049736
 }
}
