[     0.3s] carregar_initial
[    24.2s] ajuste_initial
M:\Bibliotecas\Development\workspaces\hackathon-ia-coppe-2026\.venv\Lib\site-packages\lightgbm\sklearn.py:1106: LGBMDeprecationWarning: The argument 'eval_set' is deprecated, use 'eval_X' and 'eval_y' instead.
  eval_set = _validate_eval_set_Xy(eval_set=eval_set, eval_X=eval_X, eval_y=eval_y)
[    32.7s] carregar_refit
[    50.7s] ajuste_refit
[    58.0s] validacao
   parte 2026-01-15 2290176 linhas
   parte 2026-01-29 2311344 linhas
   parte 2026-02-12 2343600 linhas
   parte 2026-02-26 2354688 linhas
   parte 2026-03-12 2368944 linhas
   parte 2026-03-26 2455488 linhas
   parte 2026-04-09 2515968 linhas
   parte 2026-04-23 2515968 linhas
   parte 2026-05-07 1261728 linhas
[    82.5s] metricas
[    82.7s] fim
{
 "rows": 20417904,
 "conditional_mae_positive_rows": 170.12676915369968
}
