[     0.4s] carregar_initial
[    48.6s] ajuste_initial
M:\Bibliotecas\Development\workspaces\hackathon-ia-coppe-2026\.venv\Lib\site-packages\lightgbm\sklearn.py:1106: LGBMDeprecationWarning: The argument 'eval_set' is deprecated, use 'eval_X' and 'eval_y' instead.
  eval_set = _validate_eval_set_Xy(eval_set=eval_set, eval_X=eval_X, eval_y=eval_y)
[   170.1s] carregar_refit
[   206.7s] ajuste_refit
[   237.1s] calibracao
[   260.9s] validacao
   parte 2025-09-08 2491056 linhas
   parte 2025-09-15 2481888 linhas
   parte 2025-09-22 2483712 linhas
   parte 2025-09-29 2483712 linhas
   parte 2025-10-06 2483712 linhas
   parte 2025-10-13 2483712 linhas
   parte 2025-10-20 2483712 linhas
   parte 2025-10-27 2483712 linhas
   parte 2025-11-03 2483712 linhas
   parte 2025-11-10 2483712 linhas
   parte 2025-11-17 2483712 linhas
   parte 2025-11-24 2483712 linhas
   parte 2025-12-01 2483712 linhas
   parte 2025-12-08 2483712 linhas
   parte 2025-12-15 2483712 linhas
   parte 2025-12-22 2483712 linhas
   parte 2025-12-29 2483712 linhas
   parte 2026-01-05 717024 linhas
[   330.2s] metricas
[   353.6s] fim
{
 "rows": 42945648,
 "prevalence": 0.47459283883666165,
 "model_ap": 0.8713475892748347,
 "baseline_historico_ap": 0.8865480797480267,
 "model_brier": 0.12849430881443166,
 "baseline_historico_brier": 0.11629908403622144,
 "weekly_ap_diff": {
  "weeks": 18,
  "mean": -0.018390912413116023,
  "ci95": [
   -0.03333603369204306,
   -0.0026134532631683412
  ],
  "wins": 4
 }
}
