[     0.3s] carregar_initial
[    21.1s] ajuste_initial
M:\Bibliotecas\Development\workspaces\hackathon-ia-coppe-2026\.venv\Lib\site-packages\lightgbm\sklearn.py:1106: LGBMDeprecationWarning: The argument 'eval_set' is deprecated, use 'eval_X' and 'eval_y' instead.
  eval_set = _validate_eval_set_Xy(eval_set=eval_set, eval_X=eval_X, eval_y=eval_y)
[    46.5s] carregar_refit
[    56.9s] ajuste_refit
[    69.3s] validacao
   parte 2025-01-15 2053728 linhas
   parte 2025-01-29 2096640 linhas
   parte 2025-02-12 2096640 linhas
   parte 2025-02-26 2096640 linhas
   parte 2025-03-12 2096640 linhas
   parte 2025-03-26 2096640 linhas
   parte 2025-04-09 2096640 linhas
   parte 2025-04-23 2096640 linhas
   parte 2025-05-07 1051440 linhas
[   110.3s] metricas
[   111.3s] fim
{
 "rows": 17781648,
 "model": {
  "mae": 13.036105717720215,
  "wape": 1.0036211915861493,
  "bias": -6.525246603126468
 },
 "baseline_ultimo_valor": {
  "mae": 12.989069807421675,
  "wape": 1.0,
  "bias": -12.989069807421675
 },
 "baseline_mesmo_horario_dia_anterior": {
  "mae": 15.441033094212031,
  "wape": 1.1887712763995892,
  "bias": -0.9366121340297896
 },
 "baseline_mesmo_horario_recente": {
  "mae": 15.961690258237033,
  "wape": 1.228855529679028,
  "bias": -0.1484839176323815
 },
 "baseline_historico": {
  "mae": 15.441033086788645,
  "wape": 1.188771275828079,
  "bias": -0.9366121414531736
 }
}
