[     1.2s] carregar_initial
[    26.0s] ajuste_initial
M:\Bibliotecas\Development\workspaces\hackathon-ia-coppe-2026\.venv\Lib\site-packages\lightgbm\sklearn.py:1106: LGBMDeprecationWarning: The argument 'eval_set' is deprecated, use 'eval_X' and 'eval_y' instead.
  eval_set = _validate_eval_set_Xy(eval_set=eval_set, eval_X=eval_X, eval_y=eval_y)
[    72.4s] carregar_refit
[    88.5s] ajuste_refit
[   116.4s] validacao
   parte 2026-01-15 702800 linhas
   parte 2026-01-29 579103 linhas
   parte 2026-02-12 370768 linhas
   parte 2026-02-26 421002 linhas
   parte 2026-03-12 718949 linhas
   parte 2026-03-26 634129 linhas
   parte 2026-04-09 763840 linhas
   parte 2026-04-23 766386 linhas
   parte 2026-05-07 428367 linhas
[   141.3s] metricas
[   186.1s] fim
{
 "rows": 5385344,
 "model_macro_f1": 0.4551745691489599,
 "model_recall": {
  "REL": 0.023365537258430952,
  "CNF": 0.4059897820389477,
  "ENE": 0.9238770576163013
 },
 "baseline_ultimo_valor_macro_f1": 0.5017705389478534,
 "baseline_ultimo_valor_recall": {
  "REL": 0.152395648826178,
  "CNF": 0.5406686461201605,
  "ENE": 0.8271033512578635
 },
 "baseline_historico_macro_f1": 0.4342260376824278,
 "baseline_historico_recall": {
  "REL": 0.027167902963627203,
  "CNF": 0.39697753209700426,
  "ENE": 0.8822072140651739
 }
}
