[     0.3s] carregar_initial
[    18.5s] ajuste_initial
M:\Bibliotecas\Development\workspaces\hackathon-ia-coppe-2026\.venv\Lib\site-packages\lightgbm\sklearn.py:1106: LGBMDeprecationWarning: The argument 'eval_set' is deprecated, use 'eval_X' and 'eval_y' instead.
  eval_set = _validate_eval_set_Xy(eval_set=eval_set, eval_X=eval_X, eval_y=eval_y)
[    60.6s] carregar_refit
[    73.9s] ajuste_refit
[    85.7s] calibracao
M:\Bibliotecas\Development\workspaces\hackathon-ia-coppe-2026\scripts\rapido\treinar_contexto.py:241: RuntimeWarning: overflow encountered in exp
  return 1 / (1 + np.exp(-(model.predict(matrix, raw_score=True) + offset)))
[    95.6s] validacao
M:\Bibliotecas\Development\workspaces\hackathon-ia-coppe-2026\scripts\rapido\treinar_contexto.py:241: RuntimeWarning: overflow encountered in exp
  return 1 / (1 + np.exp(-(model.predict(matrix, raw_score=True) + offset)))
   parte 2025-09-15 2117808 linhas
M:\Bibliotecas\Development\workspaces\hackathon-ia-coppe-2026\scripts\rapido\treinar_contexto.py:241: RuntimeWarning: overflow encountered in exp
  return 1 / (1 + np.exp(-(model.predict(matrix, raw_score=True) + offset)))
   parte 2025-09-29 2197008 linhas
M:\Bibliotecas\Development\workspaces\hackathon-ia-coppe-2026\scripts\rapido\treinar_contexto.py:241: RuntimeWarning: overflow encountered in exp
  return 1 / (1 + np.exp(-(model.predict(matrix, raw_score=True) + offset)))
   parte 2025-10-13 2225664 linhas
M:\Bibliotecas\Development\workspaces\hackathon-ia-coppe-2026\scripts\rapido\treinar_contexto.py:241: RuntimeWarning: overflow encountered in exp
  return 1 / (1 + np.exp(-(model.predict(matrix, raw_score=True) + offset)))
   parte 2025-10-27 2207712 linhas
M:\Bibliotecas\Development\workspaces\hackathon-ia-coppe-2026\scripts\rapido\treinar_contexto.py:241: RuntimeWarning: overflow encountered in exp
  return 1 / (1 + np.exp(-(model.predict(matrix, raw_score=True) + offset)))
   parte 2025-11-10 2214576 linhas
M:\Bibliotecas\Development\workspaces\hackathon-ia-coppe-2026\scripts\rapido\treinar_contexto.py:241: RuntimeWarning: overflow encountered in exp
  return 1 / (1 + np.exp(-(model.predict(matrix, raw_score=True) + offset)))
   parte 2025-11-24 2225664 linhas
M:\Bibliotecas\Development\workspaces\hackathon-ia-coppe-2026\scripts\rapido\treinar_contexto.py:241: RuntimeWarning: overflow encountered in exp
  return 1 / (1 + np.exp(-(model.predict(matrix, raw_score=True) + offset)))
   parte 2025-12-08 2233008 linhas
M:\Bibliotecas\Development\workspaces\hackathon-ia-coppe-2026\scripts\rapido\treinar_contexto.py:241: RuntimeWarning: overflow encountered in exp
  return 1 / (1 + np.exp(-(model.predict(matrix, raw_score=True) + offset)))
   parte 2025-12-22 2283696 linhas
M:\Bibliotecas\Development\workspaces\hackathon-ia-coppe-2026\scripts\rapido\treinar_contexto.py:241: RuntimeWarning: overflow encountered in exp
  return 1 / (1 + np.exp(-(model.predict(matrix, raw_score=True) + offset)))
   parte 2026-01-05 1475664 linhas
[   123.4s] metricas
[   132.5s] fim
{
 "rows": 19180800,
 "prevalence": 0.2570438146479813,
 "model_ap": 0.8422969878371991,
 "baseline_historico_ap": 0.8505710278181097,
 "model_brier": 0.0775485321603021,
 "baseline_historico_brier": 0.07776232487277239,
 "weekly_ap_diff": {
  "weeks": 18,
  "mean": -0.010019535225948974,
  "ci95": [
   -0.023763420520079927,
   0.006400515736307556
  ],
  "wins": 5
 }
}
