[     1.9s] carregar_initial
[    52.9s] ajuste_initial
M:\Bibliotecas\Development\workspaces\hackathon-ia-coppe-2026\.venv\Lib\site-packages\lightgbm\sklearn.py:1106: LGBMDeprecationWarning: The argument 'eval_set' is deprecated, use 'eval_X' and 'eval_y' instead.
  eval_set = _validate_eval_set_Xy(eval_set=eval_set, eval_X=eval_X, eval_y=eval_y)
[   136.0s] carregar_refit
[   178.9s] ajuste_refit
[   195.1s] calibracao
[   211.1s] validacao
   parte 2026-01-08 2483712 linhas
   parte 2026-01-15 2483712 linhas
   parte 2026-01-22 2483712 linhas
   parte 2026-01-29 2483712 linhas
   parte 2026-02-05 2481456 linhas
   parte 2026-02-12 2463408 linhas
   parte 2026-02-19 2467584 linhas
   parte 2026-02-26 2467584 linhas
   parte 2026-03-05 2467584 linhas
   parte 2026-03-12 2467584 linhas
   parte 2026-03-19 2467584 linhas
   parte 2026-03-26 2467584 linhas
   parte 2026-04-02 2467584 linhas
   parte 2026-04-09 2467584 linhas
   parte 2026-04-16 2467584 linhas
   parte 2026-04-23 2467584 linhas
   parte 2026-04-30 2467584 linhas
   parte 2026-05-07 7344 linhas
[   256.5s] metricas
[   274.0s] fim
{
 "rows": 42030480,
 "prevalence": 0.2946958017134232,
 "model_ap": 0.7132874939234347,
 "baseline_historico_ap": 0.7053853020741877,
 "model_brier": 0.13171759375573816,
 "baseline_historico_brier": 0.1331186913457043,
 "weekly_ap_diff": {
  "weeks": 18,
  "mean": 0.04706101635645267,
  "ci95": [
   -0.008308977053317826,
   0.13935949001692424
  ],
  "wins": 10
 }
}
