[     0.3s] carregar_initial
[    19.4s] ajuste_initial
M:\Bibliotecas\Development\workspaces\hackathon-ia-coppe-2026\.venv\Lib\site-packages\lightgbm\sklearn.py:1106: LGBMDeprecationWarning: The argument 'eval_set' is deprecated, use 'eval_X' and 'eval_y' instead.
  eval_set = _validate_eval_set_Xy(eval_set=eval_set, eval_X=eval_X, eval_y=eval_y)
[    65.6s] carregar_refit
[    80.8s] ajuste_refit
[    94.9s] calibracao
M:\Bibliotecas\Development\workspaces\hackathon-ia-coppe-2026\scripts\rapido\treinar_contexto.py:241: RuntimeWarning: overflow encountered in exp
  return 1 / (1 + np.exp(-(model.predict(matrix, raw_score=True) + offset)))
[   103.8s] validacao
M:\Bibliotecas\Development\workspaces\hackathon-ia-coppe-2026\scripts\rapido\treinar_contexto.py:241: RuntimeWarning: overflow encountered in exp
  return 1 / (1 + np.exp(-(model.predict(matrix, raw_score=True) + offset)))
   parte 2026-01-15 2290176 linhas
M:\Bibliotecas\Development\workspaces\hackathon-ia-coppe-2026\scripts\rapido\treinar_contexto.py:241: RuntimeWarning: overflow encountered in exp
  return 1 / (1 + np.exp(-(model.predict(matrix, raw_score=True) + offset)))
   parte 2026-01-29 2311344 linhas
M:\Bibliotecas\Development\workspaces\hackathon-ia-coppe-2026\scripts\rapido\treinar_contexto.py:241: RuntimeWarning: overflow encountered in exp
  return 1 / (1 + np.exp(-(model.predict(matrix, raw_score=True) + offset)))
   parte 2026-02-12 2343600 linhas
M:\Bibliotecas\Development\workspaces\hackathon-ia-coppe-2026\scripts\rapido\treinar_contexto.py:241: RuntimeWarning: overflow encountered in exp
  return 1 / (1 + np.exp(-(model.predict(matrix, raw_score=True) + offset)))
   parte 2026-02-26 2354688 linhas
M:\Bibliotecas\Development\workspaces\hackathon-ia-coppe-2026\scripts\rapido\treinar_contexto.py:241: RuntimeWarning: overflow encountered in exp
  return 1 / (1 + np.exp(-(model.predict(matrix, raw_score=True) + offset)))
   parte 2026-03-12 2368944 linhas
M:\Bibliotecas\Development\workspaces\hackathon-ia-coppe-2026\scripts\rapido\treinar_contexto.py:241: RuntimeWarning: overflow encountered in exp
  return 1 / (1 + np.exp(-(model.predict(matrix, raw_score=True) + offset)))
   parte 2026-03-26 2455488 linhas
M:\Bibliotecas\Development\workspaces\hackathon-ia-coppe-2026\scripts\rapido\treinar_contexto.py:241: RuntimeWarning: overflow encountered in exp
  return 1 / (1 + np.exp(-(model.predict(matrix, raw_score=True) + offset)))
   parte 2026-04-09 2515968 linhas
M:\Bibliotecas\Development\workspaces\hackathon-ia-coppe-2026\scripts\rapido\treinar_contexto.py:241: RuntimeWarning: overflow encountered in exp
  return 1 / (1 + np.exp(-(model.predict(matrix, raw_score=True) + offset)))
   parte 2026-04-23 2515968 linhas
M:\Bibliotecas\Development\workspaces\hackathon-ia-coppe-2026\scripts\rapido\treinar_contexto.py:241: RuntimeWarning: overflow encountered in exp
  return 1 / (1 + np.exp(-(model.predict(matrix, raw_score=True) + offset)))
   parte 2026-05-07 1261728 linhas
[   130.8s] metricas
[   139.9s] fim
{
 "rows": 20417904,
 "prevalence": 0.2063421397220792,
 "model_ap": 0.6760948343238388,
 "baseline_historico_ap": 0.7109053312380591,
 "model_brier": 0.10045717112583423,
 "baseline_historico_brier": 0.0885865316173105,
 "weekly_ap_diff": {
  "weeks": 18,
  "mean": -0.011875656816483017,
  "ci95": [
   -0.0463468413399945,
   0.023272786702496388
  ],
  "wins": 8
 }
}
