[     0.3s] carregar_initial
[    18.1s] ajuste_initial
M:\Bibliotecas\Development\workspaces\hackathon-ia-coppe-2026\.venv\Lib\site-packages\lightgbm\sklearn.py:1106: LGBMDeprecationWarning: The argument 'eval_set' is deprecated, use 'eval_X' and 'eval_y' instead.
  eval_set = _validate_eval_set_Xy(eval_set=eval_set, eval_X=eval_X, eval_y=eval_y)
[   114.0s] carregar_refit
[   125.7s] ajuste_refit
[   152.0s] calibracao
M:\Bibliotecas\Development\workspaces\hackathon-ia-coppe-2026\scripts\rapido\treinar_contexto.py:241: RuntimeWarning: overflow encountered in exp
  return 1 / (1 + np.exp(-(model.predict(matrix, raw_score=True) + offset)))
[   172.2s] validacao
   parte 2025-05-15 2096640 linhas
M:\Bibliotecas\Development\workspaces\hackathon-ia-coppe-2026\scripts\rapido\treinar_contexto.py:241: RuntimeWarning: overflow encountered in exp
  return 1 / (1 + np.exp(-(model.predict(matrix, raw_score=True) + offset)))
   parte 2025-05-29 2096640 linhas
M:\Bibliotecas\Development\workspaces\hackathon-ia-coppe-2026\scripts\rapido\treinar_contexto.py:241: RuntimeWarning: overflow encountered in exp
  return 1 / (1 + np.exp(-(model.predict(matrix, raw_score=True) + offset)))
   parte 2025-06-12 2096640 linhas
M:\Bibliotecas\Development\workspaces\hackathon-ia-coppe-2026\scripts\rapido\treinar_contexto.py:241: RuntimeWarning: overflow encountered in exp
  return 1 / (1 + np.exp(-(model.predict(matrix, raw_score=True) + offset)))
   parte 2025-06-26 2096640 linhas
M:\Bibliotecas\Development\workspaces\hackathon-ia-coppe-2026\scripts\rapido\treinar_contexto.py:241: RuntimeWarning: overflow encountered in exp
  return 1 / (1 + np.exp(-(model.predict(matrix, raw_score=True) + offset)))
   parte 2025-07-10 2096640 linhas
M:\Bibliotecas\Development\workspaces\hackathon-ia-coppe-2026\scripts\rapido\treinar_contexto.py:241: RuntimeWarning: overflow encountered in exp
  return 1 / (1 + np.exp(-(model.predict(matrix, raw_score=True) + offset)))
   parte 2025-07-24 2096640 linhas
M:\Bibliotecas\Development\workspaces\hackathon-ia-coppe-2026\scripts\rapido\treinar_contexto.py:241: RuntimeWarning: overflow encountered in exp
  return 1 / (1 + np.exp(-(model.predict(matrix, raw_score=True) + offset)))
   parte 2025-08-07 2096640 linhas
M:\Bibliotecas\Development\workspaces\hackathon-ia-coppe-2026\scripts\rapido\treinar_contexto.py:241: RuntimeWarning: overflow encountered in exp
  return 1 / (1 + np.exp(-(model.predict(matrix, raw_score=True) + offset)))
   parte 2025-08-21 2096640 linhas
M:\Bibliotecas\Development\workspaces\hackathon-ia-coppe-2026\scripts\rapido\treinar_contexto.py:241: RuntimeWarning: overflow encountered in exp
  return 1 / (1 + np.exp(-(model.predict(matrix, raw_score=True) + offset)))
   parte 2025-09-04 1500720 linhas
[   235.1s] metricas
[   244.7s] fim
{
 "rows": 18273840,
 "prevalence": 0.25454343476795244,
 "model_ap": 0.8509240236666021,
 "baseline_historico_ap": 0.8347766762711314,
 "model_brier": 0.12707327593349152,
 "baseline_historico_brier": 0.07734997981179134,
 "weekly_ap_diff": {
  "weeks": 18,
  "mean": 0.017232244498583585,
  "ci95": [
   0.004865933223259915,
   0.030664811796345486
  ],
  "wins": 13
 }
}
