[     1.0s] carregar_initial
[    25.2s] ajuste_initial
M:\Bibliotecas\Development\workspaces\hackathon-ia-coppe-2026\.venv\Lib\site-packages\lightgbm\sklearn.py:1106: LGBMDeprecationWarning: The argument 'eval_set' is deprecated, use 'eval_X' and 'eval_y' instead.
  eval_set = _validate_eval_set_Xy(eval_set=eval_set, eval_X=eval_X, eval_y=eval_y)
[    94.5s] carregar_refit
[   112.2s] ajuste_refit
[   139.5s] calibracao
[   151.3s] validacao
   parte 2026-01-15 2290176 linhas
   parte 2026-01-29 2311344 linhas
   parte 2026-02-12 2343600 linhas
   parte 2026-02-26 2354688 linhas
   parte 2026-03-12 2368944 linhas
   parte 2026-03-26 2455488 linhas
   parte 2026-04-09 2515968 linhas
   parte 2026-04-23 2515968 linhas
   parte 2026-05-07 1261728 linhas
[   188.7s] metricas
[   198.0s] fim
{
 "rows": 20417904,
 "prevalence": 0.2063421397220792,
 "model_ap": 0.7818795834485384,
 "baseline_historico_ap": 0.7109053312380591,
 "model_brier": 0.09770076496646242,
 "baseline_historico_brier": 0.08858653161731049,
 "weekly_ap_diff": {
  "weeks": 18,
  "mean": 0.07648172809390122,
  "ci95": [
   0.04808566296683938,
   0.1137579859851326
  ],
  "wins": 16
 }
}
