[     0.3s] carregar_initial
[    18.0s] ajuste_initial
M:\Bibliotecas\Development\workspaces\hackathon-ia-coppe-2026\.venv\Lib\site-packages\lightgbm\sklearn.py:1106: LGBMDeprecationWarning: The argument 'eval_set' is deprecated, use 'eval_X' and 'eval_y' instead.
  eval_set = _validate_eval_set_Xy(eval_set=eval_set, eval_X=eval_X, eval_y=eval_y)
[    44.5s] carregar_refit
[    55.0s] ajuste_refit
[    61.7s] calibracao
[    73.9s] validacao
   parte 2025-01-15 2053728 linhas
   parte 2025-01-29 2096640 linhas
   parte 2025-02-12 2096640 linhas
   parte 2025-02-26 2096640 linhas
   parte 2025-03-12 2096640 linhas
   parte 2025-03-26 2096640 linhas
   parte 2025-04-09 2096640 linhas
   parte 2025-04-23 2096640 linhas
   parte 2025-05-07 1051440 linhas
[   101.4s] metricas
[   109.0s] fim
{
 "rows": 17781648,
 "prevalence": 0.12332102176356208,
 "model_ap": 0.5964349357240617,
 "baseline_historico_ap": 0.4288530656551929,
 "model_brier": 0.07719113309207537,
 "baseline_historico_brier": 0.08693562116091927,
 "weekly_ap_diff": {
  "weeks": 18,
  "mean": 0.12951313384244512,
  "ci95": [
   0.05597603429568611,
   0.2059387409339966
  ],
  "wins": 14
 }
}
