[     0.3s] carregar_initial
[    20.9s] ajuste_initial
M:\Bibliotecas\Development\workspaces\hackathon-ia-coppe-2026\.venv\Lib\site-packages\lightgbm\sklearn.py:1106: LGBMDeprecationWarning: The argument 'eval_set' is deprecated, use 'eval_X' and 'eval_y' instead.
  eval_set = _validate_eval_set_Xy(eval_set=eval_set, eval_X=eval_X, eval_y=eval_y)
[    40.2s] carregar_refit
[    51.5s] ajuste_refit
[    55.3s] calibracao
[    67.0s] validacao
   parte 2025-01-15 2053728 linhas
   parte 2025-01-29 2096640 linhas
   parte 2025-02-12 2096640 linhas
   parte 2025-02-26 2096640 linhas
   parte 2025-03-12 2096640 linhas
   parte 2025-03-26 2096640 linhas
   parte 2025-04-09 2096640 linhas
   parte 2025-04-23 2096640 linhas
   parte 2025-05-07 1051440 linhas
[    88.1s] metricas
[    95.1s] fim
{
 "rows": 17781648,
 "prevalence": 0.12332102176356208,
 "model_ap": 0.5667364861555625,
 "baseline_historico_ap": 0.4288530656551929,
 "model_brier": 0.10933681954340685,
 "baseline_historico_brier": 0.08693562116091927,
 "weekly_ap_diff": {
  "weeks": 18,
  "mean": 0.10786777031626209,
  "ci95": [
   0.038221634495078774,
   0.18000311423470197
  ],
  "wins": 13
 }
}
