[     0.3s] carregar_initial
[    18.9s] ajuste_initial
M:\Bibliotecas\Development\workspaces\hackathon-ia-coppe-2026\.venv\Lib\site-packages\lightgbm\sklearn.py:1106: LGBMDeprecationWarning: The argument 'eval_set' is deprecated, use 'eval_X' and 'eval_y' instead.
  eval_set = _validate_eval_set_Xy(eval_set=eval_set, eval_X=eval_X, eval_y=eval_y)
[    59.7s] carregar_refit
[    73.1s] ajuste_refit
[    82.7s] calibracao
[    91.9s] validacao
   parte 2025-09-15 2117808 linhas
   parte 2025-09-29 2197008 linhas
   parte 2025-10-13 2225664 linhas
   parte 2025-10-27 2207712 linhas
   parte 2025-11-10 2214576 linhas
   parte 2025-11-24 2225664 linhas
   parte 2025-12-08 2233008 linhas
   parte 2025-12-22 2283696 linhas
   parte 2026-01-05 1475664 linhas
[   117.9s] metricas
[   126.2s] fim
{
 "rows": 19180800,
 "prevalence": 0.2570438146479813,
 "model_ap": 0.8573710871166524,
 "baseline_historico_ap": 0.8505710278181097,
 "model_brier": 0.07893707762593041,
 "baseline_historico_brier": 0.07776232487277239,
 "weekly_ap_diff": {
  "weeks": 18,
  "mean": 0.010155492836327249,
  "ci95": [
   0.0004105448559364019,
   0.018846532146939335
  ],
  "wins": 14
 }
}
