[     0.3s] carregar_initial
[    20.3s] ajuste_initial
M:\Bibliotecas\Development\workspaces\hackathon-ia-coppe-2026\.venv\Lib\site-packages\lightgbm\sklearn.py:1106: LGBMDeprecationWarning: The argument 'eval_set' is deprecated, use 'eval_X' and 'eval_y' instead.
  eval_set = _validate_eval_set_Xy(eval_set=eval_set, eval_X=eval_X, eval_y=eval_y)
[    79.2s] carregar_refit
[    92.0s] ajuste_refit
[   107.8s] calibracao
M:\Bibliotecas\Development\workspaces\hackathon-ia-coppe-2026\scripts\rapido\treinar_contexto.py:242: RuntimeWarning: overflow encountered in exp
  return 1 / (1 + np.exp(-(model.predict(matrix, raw_score=True) + offset)))
[   121.4s] validacao
M:\Bibliotecas\Development\workspaces\hackathon-ia-coppe-2026\scripts\rapido\treinar_contexto.py:242: RuntimeWarning: overflow encountered in exp
  return 1 / (1 + np.exp(-(model.predict(matrix, raw_score=True) + offset)))
   parte 2025-05-15 2096640 linhas
M:\Bibliotecas\Development\workspaces\hackathon-ia-coppe-2026\scripts\rapido\treinar_contexto.py:242: RuntimeWarning: overflow encountered in exp
  return 1 / (1 + np.exp(-(model.predict(matrix, raw_score=True) + offset)))
   parte 2025-05-29 2096640 linhas
M:\Bibliotecas\Development\workspaces\hackathon-ia-coppe-2026\scripts\rapido\treinar_contexto.py:242: RuntimeWarning: overflow encountered in exp
  return 1 / (1 + np.exp(-(model.predict(matrix, raw_score=True) + offset)))
   parte 2025-06-12 2096640 linhas
M:\Bibliotecas\Development\workspaces\hackathon-ia-coppe-2026\scripts\rapido\treinar_contexto.py:242: RuntimeWarning: overflow encountered in exp
  return 1 / (1 + np.exp(-(model.predict(matrix, raw_score=True) + offset)))
   parte 2025-06-26 2096640 linhas
M:\Bibliotecas\Development\workspaces\hackathon-ia-coppe-2026\scripts\rapido\treinar_contexto.py:242: RuntimeWarning: overflow encountered in exp
  return 1 / (1 + np.exp(-(model.predict(matrix, raw_score=True) + offset)))
   parte 2025-07-10 2096640 linhas
M:\Bibliotecas\Development\workspaces\hackathon-ia-coppe-2026\scripts\rapido\treinar_contexto.py:242: RuntimeWarning: overflow encountered in exp
  return 1 / (1 + np.exp(-(model.predict(matrix, raw_score=True) + offset)))
   parte 2025-07-24 2096640 linhas
M:\Bibliotecas\Development\workspaces\hackathon-ia-coppe-2026\scripts\rapido\treinar_contexto.py:242: RuntimeWarning: overflow encountered in exp
  return 1 / (1 + np.exp(-(model.predict(matrix, raw_score=True) + offset)))
   parte 2025-08-07 2096640 linhas
M:\Bibliotecas\Development\workspaces\hackathon-ia-coppe-2026\scripts\rapido\treinar_contexto.py:242: RuntimeWarning: overflow encountered in exp
  return 1 / (1 + np.exp(-(model.predict(matrix, raw_score=True) + offset)))
   parte 2025-08-21 2096640 linhas
   parte 2025-09-04 1500720 linhas
[   158.0s] metricas
[   167.2s] fim
{
 "rows": 18273840,
 "prevalence": 0.25454343476795244,
 "model_ap": 0.8565416596897293,
 "baseline_historico_ap": 0.8347766762711314,
 "model_brier": 0.12272692532329578,
 "baseline_historico_brier": 0.07734997981179134,
 "weekly_ap_diff": {
  "weeks": 18,
  "mean": 0.020842614681729654,
  "ci95": [
   0.008548921261181956,
   0.033890185792766446
  ],
  "wins": 14
 }
}
