2026-09-23T21:26:52.8306088-03:00 fila iniciada; PID 23856; commit 560ae70; 19 passos: main-eolica-v2-001, main-eolica-v3-001, main-eolica-v4-001, main-fotovoltaica-v1-001, main-fotovoltaica-v2-001, main-fotovoltaica-v3-001, main-fotovoltaica-v4-001, features-noturno_mais_24h-eolica-development-001, check-noturno_mais_24h-eolica-001, delay-eolica-v1-001, delay-eolica-v2-001, delay-eolica-v3-001, delay-eolica-v4-001, features-noturno_mais_24h-fotovoltaica-development-001, check-noturno_mais_24h-fotovoltaica-001, delay-fotovoltaica-v1-001, delay-fotovoltaica-v2-001, delay-fotovoltaica-v3-001, delay-fotovoltaica-v4-001
2026-09-23T22:53:54.2182000-03:00 main-eolica-v1-002 terminou -> ok
2026-09-23T22:53:54.2235620-03:00 main-eolica-v2-001: iniciando
2026-09-23T22:54:14.3675890-03:00 main-eolica-v2-001: terminou -> 
2026-09-23T22:54:14.3687991-03:00 main-eolica-v3-001: iniciando
2026-09-23T22:54:34.4452750-03:00 main-eolica-v3-001: terminou -> 
2026-09-23T22:54:34.4463486-03:00 main-eolica-v4-001: iniciando
2026-09-23T22:54:54.5280603-03:00 main-eolica-v4-001: terminou -> 
2026-09-23T22:54:54.5290955-03:00 main-fotovoltaica-v1-001: iniciando
2026-09-23T22:55:14.6339333-03:00 main-fotovoltaica-v1-001: terminou -> 
2026-09-23T22:55:14.6348882-03:00 main-fotovoltaica-v2-001: iniciando
2026-09-23T22:55:34.7157421-03:00 main-fotovoltaica-v2-001: terminou -> 
2026-09-23T22:55:34.7166405-03:00 main-fotovoltaica-v3-001: iniciando
2026-09-23T22:55:54.7899224-03:00 main-fotovoltaica-v3-001: terminou -> 
2026-09-23T22:55:54.7908754-03:00 main-fotovoltaica-v4-001: iniciando
2026-09-23T22:56:14.8820827-03:00 main-fotovoltaica-v4-001: terminou -> 
2026-09-23T22:56:14.8830896-03:00 features-noturno_mais_24h-eolica-development-001: iniciando
2026-09-23T22:56:34.9784016-03:00 features-noturno_mais_24h-eolica-development-001: terminou -> 
2026-09-23T22:56:34.9880311-03:00 check-noturno_mais_24h-eolica-001: bloqueado por features-noturno_mais_24h-eolica-development-001
2026-09-23T22:56:34.9990009-03:00 delay-eolica-v1-001: bloqueado por check-noturno_mais_24h-eolica-001
2026-09-23T22:56:35.0021342-03:00 delay-eolica-v2-001: bloqueado por check-noturno_mais_24h-eolica-001,main-eolica-v2-001
2026-09-23T22:56:35.0071605-03:00 delay-eolica-v3-001: bloqueado por check-noturno_mais_24h-eolica-001,main-eolica-v3-001
2026-09-23T22:56:35.0113454-03:00 delay-eolica-v4-001: bloqueado por check-noturno_mais_24h-eolica-001,main-eolica-v4-001
2026-09-23T22:56:35.0152390-03:00 features-noturno_mais_24h-fotovoltaica-development-001: iniciando
2026-09-23T22:56:55.0968628-03:00 features-noturno_mais_24h-fotovoltaica-development-001: terminou -> 
2026-09-23T22:56:55.0978787-03:00 check-noturno_mais_24h-fotovoltaica-001: bloqueado por features-noturno_mais_24h-fotovoltaica-development-001
2026-09-23T22:56:55.1057832-03:00 delay-fotovoltaica-v1-001: bloqueado por check-noturno_mais_24h-fotovoltaica-001,main-fotovoltaica-v1-001
2026-09-23T22:56:55.1112253-03:00 delay-fotovoltaica-v2-001: bloqueado por check-noturno_mais_24h-fotovoltaica-001,main-fotovoltaica-v2-001
2026-09-23T22:56:55.1154267-03:00 delay-fotovoltaica-v3-001: bloqueado por check-noturno_mais_24h-fotovoltaica-001,main-fotovoltaica-v3-001
2026-09-23T22:56:55.1198327-03:00 delay-fotovoltaica-v4-001: bloqueado por check-noturno_mais_24h-fotovoltaica-001,main-fotovoltaica-v4-001
2026-09-23T22:56:55.1240711-03:00 fila concluída
2026-09-24T01:57:29.7387259-03:00 fila iniciada; PID 532; commit 560ae70; 19 passos: main-eolica-v2-001, main-eolica-v3-001, main-eolica-v4-001, main-fotovoltaica-v1-001, main-fotovoltaica-v2-001, main-fotovoltaica-v3-001, main-fotovoltaica-v4-001, features-noturno_mais_24h-eolica-development-001, check-noturno_mais_24h-eolica-001, delay-eolica-v1-001, delay-eolica-v2-001, delay-eolica-v3-001, delay-eolica-v4-001, features-noturno_mais_24h-fotovoltaica-development-001, check-noturno_mais_24h-fotovoltaica-001, delay-fotovoltaica-v1-001, delay-fotovoltaica-v2-001, delay-fotovoltaica-v3-001, delay-fotovoltaica-v4-001
2026-09-24T01:57:29.7763378-03:00 main-eolica-v1-002 terminou -> ok
2026-09-24T01:57:29.7815980-03:00 main-eolica-v2-001: iniciando
2026-09-24T01:58:10.3530243-03:00 main-eolica-v2-001: terminou -> falhou
2026-09-24T01:58:10.3538300-03:00 main-eolica-v2-001: fila interrompida após falha; os passos seguintes não foram iniciados
2026-09-24T01:59:57.2156255-03:00 fila iniciada; PID 5372; commit 560ae70; 19 passos: main-eolica-v2-002, main-eolica-v3-001, main-eolica-v4-001, main-fotovoltaica-v1-001, main-fotovoltaica-v2-001, main-fotovoltaica-v3-001, main-fotovoltaica-v4-001, features-noturno_mais_24h-eolica-development-001, check-noturno_mais_24h-eolica-001, delay-eolica-v1-001, delay-eolica-v2-001, delay-eolica-v3-001, delay-eolica-v4-001, features-noturno_mais_24h-fotovoltaica-development-001, check-noturno_mais_24h-fotovoltaica-001, delay-fotovoltaica-v1-001, delay-fotovoltaica-v2-001, delay-fotovoltaica-v3-001, delay-fotovoltaica-v4-001
2026-09-24T01:59:57.2493667-03:00 main-eolica-v1-002 terminou -> ok
2026-09-24T01:59:57.2535994-03:00 main-eolica-v2-002: iniciando
2026-09-24T02:22:48.4671464-03:00 fila interrompida por solicitação do responsável; V2-002 cancelada para reinício otimizado
2026-09-24T02:23:04.1174740-03:00 fila iniciada; PID 34752; commit c73302e; 19 passos: main-eolica-v2-003, main-eolica-v3-001, main-eolica-v4-001, main-fotovoltaica-v1-001, main-fotovoltaica-v2-001, main-fotovoltaica-v3-001, main-fotovoltaica-v4-001, features-noturno_mais_24h-eolica-development-001, check-noturno_mais_24h-eolica-001, delay-eolica-v1-001, delay-eolica-v2-001, delay-eolica-v3-001, delay-eolica-v4-001, features-noturno_mais_24h-fotovoltaica-development-001, check-noturno_mais_24h-fotovoltaica-001, delay-fotovoltaica-v1-001, delay-fotovoltaica-v2-001, delay-fotovoltaica-v3-001, delay-fotovoltaica-v4-001
2026-09-24T02:23:04.1487519-03:00 main-eolica-v1-002 terminou -> ok
2026-09-24T02:23:04.1531411-03:00 main-eolica-v2-003: iniciando
2026-09-24T06:22:54.7708771-03:00 fila iniciada; PID 34928; criado_em 2026-09-24T06:22:54.0621134-03:00; commit 88634ed; 19 passos: main-eolica-v2-004, main-eolica-v3-001, main-eolica-v4-001, main-fotovoltaica-v1-001, main-fotovoltaica-v2-001, main-fotovoltaica-v3-001, main-fotovoltaica-v4-001, features-noturno_mais_24h-eolica-development-001, check-noturno_mais_24h-eolica-001, delay-eolica-v1-001, delay-eolica-v2-001, delay-eolica-v3-001, delay-eolica-v4-001, features-noturno_mais_24h-fotovoltaica-development-001, check-noturno_mais_24h-fotovoltaica-001, delay-fotovoltaica-v1-001, delay-fotovoltaica-v2-001, delay-fotovoltaica-v3-001, delay-fotovoltaica-v4-001
2026-09-24T06:22:54.7855864-03:00 main-eolica-v1-002 terminou -> ok
2026-09-24T06:22:54.7960397-03:00 main-eolica-v2-004: iniciando
2026-09-24T07:30:58.2989320-03:00 main-eolica-v2-004: terminou -> ok
2026-09-24T07:30:58.3001149-03:00 main-eolica-v3-001: iniciando
2026-09-24T08:55:26.5678905-03:00 main-eolica-v3-001: terminou -> ok
2026-09-24T08:55:26.5695259-03:00 main-eolica-v4-001: iniciando
2026-09-24T10:19:54.4577127-03:00 main-eolica-v4-001: terminou -> ok
2026-09-24T10:19:54.4671970-03:00 main-fotovoltaica-v1-001: iniciando
2026-09-24T10:50:45.5752640-03:00 main-fotovoltaica-v1-001: terminou -> ok
2026-09-24T10:50:45.5823700-03:00 main-fotovoltaica-v2-001: iniciando
2026-09-24T11:24:16.7777350-03:00 main-fotovoltaica-v2-001: terminou -> ok
2026-09-24T11:24:16.7857781-03:00 main-fotovoltaica-v3-001: iniciando
2026-09-24T12:14:32.8953247-03:00 main-fotovoltaica-v3-001: terminou -> ok
2026-09-24T12:14:32.8971598-03:00 main-fotovoltaica-v4-001: iniciando
2026-09-24T13:26:53.7605635-03:00 main-fotovoltaica-v4-001: terminou -> ok
2026-09-24T13:26:53.7693870-03:00 features-noturno_mais_24h-eolica-development-001: iniciando
2026-09-24T15:30:23.9079921-03:00 features-noturno_mais_24h-eolica-development-001: terminou -> ok
2026-09-24T15:30:23.9226545-03:00 check-noturno_mais_24h-eolica-001: iniciando
2026-09-24T15:30:44.0224407-03:00 check-noturno_mais_24h-eolica-001: terminou -> 
2026-09-24T15:30:44.0295117-03:00 check-noturno_mais_24h-eolica-001: fila interrompida após falha; os passos seguintes não foram iniciados
2026-09-24T17:08:52.5131659-03:00 fila iniciada; PID 16284; criado_em 2026-09-24T17:08:51.8309882-03:00; commit 88634ed; 19 passos: main-eolica-v2-004, main-eolica-v3-001, main-eolica-v4-001, main-fotovoltaica-v1-001, main-fotovoltaica-v2-001, main-fotovoltaica-v3-001, main-fotovoltaica-v4-001, features-noturno_mais_24h-eolica-development-001, check-noturno_mais_24h-eolica-001, delay-eolica-v1-001, delay-eolica-v2-001, delay-eolica-v3-001, delay-eolica-v4-001, features-noturno_mais_24h-fotovoltaica-development-001, check-noturno_mais_24h-fotovoltaica-001, delay-fotovoltaica-v1-001, delay-fotovoltaica-v2-001, delay-fotovoltaica-v3-001, delay-fotovoltaica-v4-001
2026-09-24T17:08:52.5261966-03:00 main-eolica-v1-002 terminou -> ok
2026-09-24T17:08:52.5377198-03:00 main-eolica-v2-004: já existe (ok), pulando
2026-09-24T17:08:52.5470682-03:00 main-eolica-v3-001: já existe (ok), pulando
2026-09-24T17:08:52.5555549-03:00 main-eolica-v4-001: já existe (ok), pulando
2026-09-24T17:08:52.5640904-03:00 main-fotovoltaica-v1-001: já existe (ok), pulando
2026-09-24T17:08:52.5730859-03:00 main-fotovoltaica-v2-001: já existe (ok), pulando
2026-09-24T17:08:52.5816794-03:00 main-fotovoltaica-v3-001: já existe (ok), pulando
2026-09-24T17:08:52.5915252-03:00 main-fotovoltaica-v4-001: já existe (ok), pulando
2026-09-24T17:08:52.6128994-03:00 features-noturno_mais_24h-eolica-development-001: já existe (ok), pulando
2026-09-24T17:08:52.6311840-03:00 check-noturno_mais_24h-eolica-001: iniciando
2026-09-24T17:14:14.8087857-03:00 check-noturno_mais_24h-eolica-001: terminou -> ok
2026-09-24T17:14:14.8128464-03:00 delay-eolica-v1-001: iniciando
2026-09-24T17:34:03.7225953-03:00 delay-eolica-v1-001: terminou -> ok
2026-09-24T17:34:03.7257165-03:00 delay-eolica-v2-001: iniciando
2026-09-24T17:59:51.3332719-03:00 delay-eolica-v2-001: terminou -> ok
2026-09-24T17:59:51.3360412-03:00 delay-eolica-v3-001: iniciando
2026-09-24T18:24:58.3596134-03:00 delay-eolica-v3-001: terminou -> ok
2026-09-24T18:24:58.3626025-03:00 delay-eolica-v4-001: iniciando
2026-09-24T18:47:44.9814424-03:00 delay-eolica-v4-001: terminou -> ok
2026-09-24T18:47:44.9821169-03:00 features-noturno_mais_24h-fotovoltaica-development-001: iniciando
2026-09-24T19:24:32.9082428-03:00 features-noturno_mais_24h-fotovoltaica-development-001: terminou -> ok
2026-09-24T19:24:32.9094849-03:00 check-noturno_mais_24h-fotovoltaica-001: iniciando
2026-09-24T19:26:13.5077781-03:00 check-noturno_mais_24h-fotovoltaica-001: terminou -> ok
2026-09-24T19:26:13.5099039-03:00 delay-fotovoltaica-v1-001: iniciando
2026-09-24T19:36:56.6771698-03:00 delay-fotovoltaica-v1-001: terminou -> ok
2026-09-24T19:36:56.6801778-03:00 delay-fotovoltaica-v2-001: iniciando
2026-09-24T19:47:19.6446387-03:00 delay-fotovoltaica-v2-001: terminou -> ok
2026-09-24T19:47:19.6475382-03:00 delay-fotovoltaica-v3-001: iniciando
2026-09-24T19:59:03.1729848-03:00 delay-fotovoltaica-v3-001: terminou -> ok
2026-09-24T19:59:03.1754779-03:00 delay-fotovoltaica-v4-001: iniciando
2026-09-24T20:11:47.0527683-03:00 delay-fotovoltaica-v4-001: terminou -> ok
2026-09-24T20:11:47.0534714-03:00 fila concluída com sucesso
