25/758 partições verificadas
50/758 partições verificadas
75/758 partições verificadas
100/758 partições verificadas
125/758 partições verificadas
150/758 partições verificadas
175/758 partições verificadas
200/758 partições verificadas
225/758 partições verificadas
250/758 partições verificadas
275/758 partições verificadas
300/758 partições verificadas
325/758 partições verificadas
350/758 partições verificadas
375/758 partições verificadas
400/758 partições verificadas
425/758 partições verificadas
450/758 partições verificadas
475/758 partições verificadas
500/758 partições verificadas
525/758 partições verificadas
550/758 partições verificadas
575/758 partições verificadas
600/758 partições verificadas
625/758 partições verificadas
650/758 partições verificadas
675/758 partições verificadas
700/758 partições verificadas
725/758 partições verificadas
750/758 partições verificadas
{
  "status": "passed",
  "checks": {
    "all_partitions_present": true,
    "single_feature_schema": true,
    "single_baseline_schema": true,
    "t0_within_range": true,
    "no_t0_in_reserved": true,
    "exactly_48_horizons": true,
    "tau_contract": true,
    "no_history_after_t0": true,
    "labels_released_after_t0": true,
    "no_par": true,
    "baselines_4_per_request": true,
    "baseline_values_finite": true,
    "required_values_present": true,
    "partition_dates_match": true,
    "source_matches": true,
    "first_release_matches_calendar": true,
    "no_emission_before_first_release": true,
    "validation_excludes_reserved_tau": true
  },
  "error": null
}
