[curtamap-fase] 2026-09-24T10:19:58.830908-03:00 preparacao
[curtamap-fase] 2026-09-24T10:20:01.600962-03:00 treino
Y:\CurtaMap Etapa 2B\worktrees\execucao-fila\.venv\Lib\site-packages\lightgbm\sklearn.py:1106: LGBMDeprecationWarning: The argument 'eval_set' is deprecated, use 'eval_X' and 'eval_y' instead.
  eval_set = _validate_eval_set_Xy(eval_set=eval_set, eval_X=eval_X, eval_y=eval_y)
Y:\CurtaMap Etapa 2B\worktrees\execucao-fila\.venv\Lib\site-packages\lightgbm\sklearn.py:1106: LGBMDeprecationWarning: The argument 'eval_set' is deprecated, use 'eval_X' and 'eval_y' instead.
  eval_set = _validate_eval_set_Xy(eval_set=eval_set, eval_X=eval_X, eval_y=eval_y)
Y:\CurtaMap Etapa 2B\worktrees\execucao-fila\.venv\Lib\site-packages\lightgbm\sklearn.py:1106: LGBMDeprecationWarning: The argument 'eval_set' is deprecated, use 'eval_X' and 'eval_y' instead.
  eval_set = _validate_eval_set_Xy(eval_set=eval_set, eval_X=eval_X, eval_y=eval_y)
Y:\CurtaMap Etapa 2B\worktrees\execucao-fila\.venv\Lib\site-packages\lightgbm\sklearn.py:1106: LGBMDeprecationWarning: The argument 'eval_set' is deprecated, use 'eval_X' and 'eval_y' instead.
  eval_set = _validate_eval_set_Xy(eval_set=eval_set, eval_X=eval_X, eval_y=eval_y)
Y:\CurtaMap Etapa 2B\worktrees\execucao-fila\.venv\Lib\site-packages\lightgbm\sklearn.py:1106: LGBMDeprecationWarning: The argument 'eval_set' is deprecated, use 'eval_X' and 'eval_y' instead.
  eval_set = _validate_eval_set_Xy(eval_set=eval_set, eval_X=eval_X, eval_y=eval_y)
Y:\CurtaMap Etapa 2B\worktrees\execucao-fila\.venv\Lib\site-packages\lightgbm\sklearn.py:1106: LGBMDeprecationWarning: The argument 'eval_set' is deprecated, use 'eval_X' and 'eval_y' instead.
  eval_set = _validate_eval_set_Xy(eval_set=eval_set, eval_X=eval_X, eval_y=eval_y)
Y:\CurtaMap Etapa 2B\worktrees\execucao-fila\.venv\Lib\site-packages\lightgbm\sklearn.py:1106: LGBMDeprecationWarning: The argument 'eval_set' is deprecated, use 'eval_X' and 'eval_y' instead.
  eval_set = _validate_eval_set_Xy(eval_set=eval_set, eval_X=eval_X, eval_y=eval_y)
Y:\CurtaMap Etapa 2B\worktrees\execucao-fila\.venv\Lib\site-packages\lightgbm\sklearn.py:1106: LGBMDeprecationWarning: The argument 'eval_set' is deprecated, use 'eval_X' and 'eval_y' instead.
  eval_set = _validate_eval_set_Xy(eval_set=eval_set, eval_X=eval_X, eval_y=eval_y)
[curtamap-fase] 2026-09-24T10:39:46.151237-03:00 previsao
[curtamap-fase] 2026-09-24T10:44:28.186140-03:00 modelos_metricas
[curtamap-fase] 2026-09-24T10:46:35.945614-03:00 pipelines
[curtamap-fase] 2026-09-24T10:47:33.895241-03:00 baselines
[curtamap-fase] 2026-09-24T10:50:20.555690-03:00 relatorio
[curtamap-fase] 2026-09-24T10:50:20.627883-03:00 fim
