delay-eolica-v1-001 ok
delay-eolica-v2-001 ok
delay-eolica-v3-001 ok
delay-eolica-v4-001 ok
delay-fotovoltaica-v1-001 ok
delay-fotovoltaica-v2-001 ok
delay-fotovoltaica-v3-001 ok
delay-fotovoltaica-v4-001 ok
main-eolica-v1-002 ok
main-eolica-v2-004 ok
main-eolica-v3-001 ok
main-eolica-v4-001 ok
main-fotovoltaica-v1-001 ok
main-fotovoltaica-v2-001 ok
main-fotovoltaica-v3-001 ok
main-fotovoltaica-v4-001 ok
pilot-eolica-001 ok
{
 "checksum_entries": 650,
 "problems": [],
 "junctions": {
  "experimentos": "\\\\?\\Y:\\CurtaMap Etapa 2B\\experimentos"
 }
}
