[curtamap-fase] 2026-09-24T11:24:19.590730-03:00 preparacao
[curtamap-fase] 2026-09-24T11:24:20.989203-03:00 treino
Y:\CurtaMap Etapa 2B\worktrees\execucao-fila\.venv\Lib\site-packages\lightgbm\sklearn.py:1106: LGBMDeprecationWarning: The argument 'eval_set' is deprecated, use 'eval_X' and 'eval_y' instead.
  eval_set = _validate_eval_set_Xy(eval_set=eval_set, eval_X=eval_X, eval_y=eval_y)
Y:\CurtaMap Etapa 2B\worktrees\execucao-fila\.venv\Lib\site-packages\lightgbm\sklearn.py:1106: LGBMDeprecationWarning: The argument 'eval_set' is deprecated, use 'eval_X' and 'eval_y' instead.
  eval_set = _validate_eval_set_Xy(eval_set=eval_set, eval_X=eval_X, eval_y=eval_y)
Y:\CurtaMap Etapa 2B\worktrees\execucao-fila\.venv\Lib\site-packages\lightgbm\sklearn.py:1106: LGBMDeprecationWarning: The argument 'eval_set' is deprecated, use 'eval_X' and 'eval_y' instead.
  eval_set = _validate_eval_set_Xy(eval_set=eval_set, eval_X=eval_X, eval_y=eval_y)
Y:\CurtaMap Etapa 2B\worktrees\execucao-fila\.venv\Lib\site-packages\lightgbm\sklearn.py:1106: LGBMDeprecationWarning: The argument 'eval_set' is deprecated, use 'eval_X' and 'eval_y' instead.
  eval_set = _validate_eval_set_Xy(eval_set=eval_set, eval_X=eval_X, eval_y=eval_y)
Y:\CurtaMap Etapa 2B\worktrees\execucao-fila\.venv\Lib\site-packages\lightgbm\sklearn.py:1106: LGBMDeprecationWarning: The argument 'eval_set' is deprecated, use 'eval_X' and 'eval_y' instead.
  eval_set = _validate_eval_set_Xy(eval_set=eval_set, eval_X=eval_X, eval_y=eval_y)
Y:\CurtaMap Etapa 2B\worktrees\execucao-fila\.venv\Lib\site-packages\lightgbm\sklearn.py:1106: LGBMDeprecationWarning: The argument 'eval_set' is deprecated, use 'eval_X' and 'eval_y' instead.
  eval_set = _validate_eval_set_Xy(eval_set=eval_set, eval_X=eval_X, eval_y=eval_y)
Y:\CurtaMap Etapa 2B\worktrees\execucao-fila\.venv\Lib\site-packages\lightgbm\sklearn.py:1106: LGBMDeprecationWarning: The argument 'eval_set' is deprecated, use 'eval_X' and 'eval_y' instead.
  eval_set = _validate_eval_set_Xy(eval_set=eval_set, eval_X=eval_X, eval_y=eval_y)
Y:\CurtaMap Etapa 2B\worktrees\execucao-fila\.venv\Lib\site-packages\lightgbm\sklearn.py:1106: LGBMDeprecationWarning: The argument 'eval_set' is deprecated, use 'eval_X' and 'eval_y' instead.
  eval_set = _validate_eval_set_Xy(eval_set=eval_set, eval_X=eval_X, eval_y=eval_y)
[curtamap-fase] 2026-09-24T12:01:30.011006-03:00 previsao
[curtamap-fase] 2026-09-24T12:07:01.739973-03:00 modelos_metricas
[curtamap-fase] 2026-09-24T12:09:34.749415-03:00 pipelines
[curtamap-fase] 2026-09-24T12:10:43.398558-03:00 baselines
[curtamap-fase] 2026-09-24T12:14:01.140800-03:00 relatorio
[curtamap-fase] 2026-09-24T12:14:01.217329-03:00 fim
