[curtamap-fase] 2026-09-24T06:22:58.313187-03:00 preparacao
[curtamap-fase] 2026-09-24T06:23:03.179060-03:00 treino
Y:\CurtaMap Etapa 2B\worktrees\execucao-fila\.venv\Lib\site-packages\lightgbm\sklearn.py:1106: LGBMDeprecationWarning: The argument 'eval_set' is deprecated, use 'eval_X' and 'eval_y' instead.
  eval_set = _validate_eval_set_Xy(eval_set=eval_set, eval_X=eval_X, eval_y=eval_y)
Y:\CurtaMap Etapa 2B\worktrees\execucao-fila\.venv\Lib\site-packages\lightgbm\sklearn.py:1106: LGBMDeprecationWarning: The argument 'eval_set' is deprecated, use 'eval_X' and 'eval_y' instead.
  eval_set = _validate_eval_set_Xy(eval_set=eval_set, eval_X=eval_X, eval_y=eval_y)
Y:\CurtaMap Etapa 2B\worktrees\execucao-fila\.venv\Lib\site-packages\lightgbm\sklearn.py:1106: LGBMDeprecationWarning: The argument 'eval_set' is deprecated, use 'eval_X' and 'eval_y' instead.
  eval_set = _validate_eval_set_Xy(eval_set=eval_set, eval_X=eval_X, eval_y=eval_y)
Y:\CurtaMap Etapa 2B\worktrees\execucao-fila\.venv\Lib\site-packages\lightgbm\sklearn.py:1106: LGBMDeprecationWarning: The argument 'eval_set' is deprecated, use 'eval_X' and 'eval_y' instead.
  eval_set = _validate_eval_set_Xy(eval_set=eval_set, eval_X=eval_X, eval_y=eval_y)
Y:\CurtaMap Etapa 2B\worktrees\execucao-fila\.venv\Lib\site-packages\lightgbm\sklearn.py:1106: LGBMDeprecationWarning: The argument 'eval_set' is deprecated, use 'eval_X' and 'eval_y' instead.
  eval_set = _validate_eval_set_Xy(eval_set=eval_set, eval_X=eval_X, eval_y=eval_y)
Y:\CurtaMap Etapa 2B\worktrees\execucao-fila\.venv\Lib\site-packages\lightgbm\sklearn.py:1106: LGBMDeprecationWarning: The argument 'eval_set' is deprecated, use 'eval_X' and 'eval_y' instead.
  eval_set = _validate_eval_set_Xy(eval_set=eval_set, eval_X=eval_X, eval_y=eval_y)
Y:\CurtaMap Etapa 2B\worktrees\execucao-fila\.venv\Lib\site-packages\lightgbm\sklearn.py:1106: LGBMDeprecationWarning: The argument 'eval_set' is deprecated, use 'eval_X' and 'eval_y' instead.
  eval_set = _validate_eval_set_Xy(eval_set=eval_set, eval_X=eval_X, eval_y=eval_y)
Y:\CurtaMap Etapa 2B\worktrees\execucao-fila\.venv\Lib\site-packages\lightgbm\sklearn.py:1106: LGBMDeprecationWarning: The argument 'eval_set' is deprecated, use 'eval_X' and 'eval_y' instead.
  eval_set = _validate_eval_set_Xy(eval_set=eval_set, eval_X=eval_X, eval_y=eval_y)
[curtamap-fase] 2026-09-24T07:02:01.416728-03:00 previsao
[curtamap-fase] 2026-09-24T07:14:30.852919-03:00 modelos_metricas
[curtamap-fase] 2026-09-24T07:19:35.511108-03:00 pipelines
[curtamap-fase] 2026-09-24T07:22:07.076259-03:00 baselines
[curtamap-fase] 2026-09-24T07:30:30.944056-03:00 relatorio
[curtamap-fase] 2026-09-24T07:30:31.016744-03:00 fim
