25/942 partições verificadas
50/942 partições verificadas
75/942 partições verificadas
100/942 partições verificadas
125/942 partições verificadas
150/942 partições verificadas
175/942 partições verificadas
200/942 partições verificadas
225/942 partições verificadas
250/942 partições verificadas
275/942 partições verificadas
300/942 partições verificadas
325/942 partições verificadas
350/942 partições verificadas
375/942 partições verificadas
400/942 partições verificadas
425/942 partições verificadas
450/942 partições verificadas
475/942 partições verificadas
500/942 partições verificadas
525/942 partições verificadas
550/942 partições verificadas
575/942 partições verificadas
600/942 partições verificadas
625/942 partições verificadas
650/942 partições verificadas
675/942 partições verificadas
700/942 partições verificadas
725/942 partições verificadas
750/942 partições verificadas
775/942 partições verificadas
800/942 partições verificadas
825/942 partições verificadas
850/942 partições verificadas
875/942 partições verificadas
900/942 partições verificadas
925/942 partições verificadas
{
  "status": "passed",
  "checks": {
    "all_partitions_present": true,
    "single_feature_schema": true,
    "single_baseline_schema": true,
    "t0_within_range": true,
    "no_t0_in_reserved": true,
    "exactly_48_horizons": true,
    "tau_contract": true,
    "no_history_after_t0": true,
    "labels_released_after_t0": true,
    "no_par": true,
    "baselines_4_per_request": true,
    "baseline_values_finite": true,
    "required_values_present": true,
    "partition_dates_match": true,
    "source_matches": true,
    "first_release_matches_calendar": true,
    "no_emission_before_first_release": true,
    "validation_excludes_reserved_tau": true
  },
  "error": null
}
