[curtamap-fase] 2026-09-24T12:14:35.659335-03:00 preparacao
[curtamap-fase] 2026-09-24T12:14:37.170161-03:00 treino
Y:\CurtaMap Etapa 2B\worktrees\execucao-fila\.venv\Lib\site-packages\lightgbm\sklearn.py:1106: LGBMDeprecationWarning: The argument 'eval_set' is deprecated, use 'eval_X' and 'eval_y' instead.
  eval_set = _validate_eval_set_Xy(eval_set=eval_set, eval_X=eval_X, eval_y=eval_y)
Y:\CurtaMap Etapa 2B\worktrees\execucao-fila\.venv\Lib\site-packages\lightgbm\sklearn.py:1106: LGBMDeprecationWarning: The argument 'eval_set' is deprecated, use 'eval_X' and 'eval_y' instead.
  eval_set = _validate_eval_set_Xy(eval_set=eval_set, eval_X=eval_X, eval_y=eval_y)
Y:\CurtaMap Etapa 2B\worktrees\execucao-fila\.venv\Lib\site-packages\lightgbm\sklearn.py:1106: LGBMDeprecationWarning: The argument 'eval_set' is deprecated, use 'eval_X' and 'eval_y' instead.
  eval_set = _validate_eval_set_Xy(eval_set=eval_set, eval_X=eval_X, eval_y=eval_y)
Y:\CurtaMap Etapa 2B\worktrees\execucao-fila\.venv\Lib\site-packages\lightgbm\sklearn.py:1106: LGBMDeprecationWarning: The argument 'eval_set' is deprecated, use 'eval_X' and 'eval_y' instead.
  eval_set = _validate_eval_set_Xy(eval_set=eval_set, eval_X=eval_X, eval_y=eval_y)
Y:\CurtaMap Etapa 2B\worktrees\execucao-fila\.venv\Lib\site-packages\lightgbm\sklearn.py:1106: LGBMDeprecationWarning: The argument 'eval_set' is deprecated, use 'eval_X' and 'eval_y' instead.
  eval_set = _validate_eval_set_Xy(eval_set=eval_set, eval_X=eval_X, eval_y=eval_y)
Y:\CurtaMap Etapa 2B\worktrees\execucao-fila\.venv\Lib\site-packages\lightgbm\sklearn.py:1106: LGBMDeprecationWarning: The argument 'eval_set' is deprecated, use 'eval_X' and 'eval_y' instead.
  eval_set = _validate_eval_set_Xy(eval_set=eval_set, eval_X=eval_X, eval_y=eval_y)
Y:\CurtaMap Etapa 2B\worktrees\execucao-fila\.venv\Lib\site-packages\lightgbm\sklearn.py:1106: LGBMDeprecationWarning: The argument 'eval_set' is deprecated, use 'eval_X' and 'eval_y' instead.
  eval_set = _validate_eval_set_Xy(eval_set=eval_set, eval_X=eval_X, eval_y=eval_y)
Y:\CurtaMap Etapa 2B\worktrees\execucao-fila\.venv\Lib\site-packages\lightgbm\sklearn.py:1106: LGBMDeprecationWarning: The argument 'eval_set' is deprecated, use 'eval_X' and 'eval_y' instead.
  eval_set = _validate_eval_set_Xy(eval_set=eval_set, eval_X=eval_X, eval_y=eval_y)
[curtamap-fase] 2026-09-24T13:13:48.737638-03:00 previsao
[curtamap-fase] 2026-09-24T13:19:46.860315-03:00 modelos_metricas
[curtamap-fase] 2026-09-24T13:22:21.213208-03:00 pipelines
[curtamap-fase] 2026-09-24T13:23:30.227578-03:00 baselines
[curtamap-fase] 2026-09-24T13:26:47.578396-03:00 relatorio
[curtamap-fase] 2026-09-24T13:26:47.649907-03:00 fim
