{
  "branch": "etapa-2-experimental",
  "commit": "ce73b6da02a009a49a71d928fc47f636687fcc38",
  "paths": [
    "Y:\\CurtaMap Etapa 2B\\dados",
    "Y:\\CurtaMap Etapa 2B\\modelos",
    "Y:\\CurtaMap Etapa 2B\\experimentos",
    "Y:\\CurtaMap Etapa 2B\\cache",
    "Y:\\CurtaMap Etapa 2B\\temporarios"
  ],
  "free_bytes": 620980277248,
  "warning_threshold_bytes": 53687091200,
  "raw_files": {
    "eolica": {
      "path": "Y:\\CurtaMap Etapa 2B\\dados\\raw\\constrained_off_eolica_tm.parquet",
      "exists": true
    },
    "fotovoltaica": {
      "path": "Y:\\CurtaMap Etapa 2B\\dados\\raw\\constrained_off_fotovoltaica_tm.parquet",
      "exists": true
    }
  },
  "ready": true
}
