25/759 partições verificadas
50/759 partições verificadas
75/759 partições verificadas
100/759 partições verificadas
125/759 partições verificadas
150/759 partições verificadas
175/759 partições verificadas
200/759 partições verificadas
225/759 partições verificadas
250/759 partições verificadas
275/759 partições verificadas
300/759 partições verificadas
325/759 partições verificadas
350/759 partições verificadas
375/759 partições verificadas
400/759 partições verificadas
425/759 partições verificadas
450/759 partições verificadas
475/759 partições verificadas
500/759 partições verificadas
525/759 partições verificadas
550/759 partições verificadas
575/759 partições verificadas
600/759 partições verificadas
625/759 partições verificadas
650/759 partições verificadas
675/759 partições verificadas
700/759 partições verificadas
725/759 partições verificadas
750/759 partições verificadas
{
  "status": "passed",
  "checks": {
    "all_partitions_present": true,
    "single_feature_schema": true,
    "single_baseline_schema": true,
    "t0_within_range": true,
    "no_t0_in_reserved": true,
    "exactly_48_horizons": true,
    "tau_contract": true,
    "no_history_after_t0": true,
    "labels_released_after_t0": true,
    "no_par": true,
    "baselines_4_per_request": true,
    "baseline_values_finite": true,
    "required_values_present": true,
    "partition_dates_match": true,
    "source_matches": true,
    "first_release_matches_calendar": true,
    "no_emission_before_first_release": true,
    "validation_excludes_reserved_tau": true
  },
  "error": null
}
