[
  {
    "input": "Y:\\CurtaMap Etapa 2B\\dados\\raw\\constrained_off_eolica_tm.parquet",
    "input_sha256": "487050da7ed2470ec563b96ca88ed620654f43683927cb7b1bb8421323f0734d",
    "scenario": "noturno_dia_util",
    "calendar_version": "curtamap-conservador-2023-2026-v1",
    "rows": 7951920,
    "partitions": 35,
    "schema": {
      "id_subsistema": "String",
      "nom_subsistema": "String",
      "id_estado": "String",
      "nom_estado": "String",
      "nom_usina": "String",
      "id_ons": "String",
      "ceg": "String",
      "din_instante": "Datetime(time_unit='ns', time_zone=None)",
      "val_geracao": "Float64",
      "val_geracaolimitada": "Float64",
      "val_disponibilidade": "Float64",
      "val_geracaoreferencia": "Float64",
      "val_geracaoreferenciafinal": "Float64",
      "cod_razaorestricao": "String",
      "cod_origemrestricao": "String",
      "dsc_restricao": "String",
      "fonte": "String",
      "ano": "Int32",
      "mes": "Int32",
      "data": "Date",
      "hora": "Int32",
      "minuto": "Int32",
      "ano_mes": "String",
      "arquivo_origem": "String",
      "restricao_registrada": "Boolean",
      "volume_mwmed": "Float64",
      "energia_mwh": "Float64",
      "energia_bruta_mwh": "Float64",
      "corte_positivo": "Boolean",
      "entrada_negativa": "Boolean",
      "entrada_nao_finita": "Boolean",
      "entrada_ausente": "Boolean",
      "volume_valido": "Boolean",
      "razao_desconhecida": "Boolean",
      "origem_desconhecida": "Boolean",
      "rotulo_sem_limite": "Boolean",
      "causa": "String",
      "origem": "String",
      "disponivel_em": "Datetime(time_unit='us', time_zone=None)"
    }
  },
  {
    "input": "Y:\\CurtaMap Etapa 2B\\dados\\raw\\constrained_off_fotovoltaica_tm.parquet",
    "input_sha256": "e293594146a29b5b78b4837f7618201f15b4e5a9e4ec9de5e7a7c8342db711ec",
    "scenario": "noturno_dia_util",
    "calendar_version": "curtamap-conservador-2023-2026-v1",
    "rows": 2854800,
    "partitions": 29,
    "schema": {
      "id_subsistema": "String",
      "nom_subsistema": "String",
      "id_estado": "String",
      "nom_estado": "String",
      "nom_usina": "String",
      "id_ons": "String",
      "ceg": "String",
      "din_instante": "Datetime(time_unit='ns', time_zone=None)",
      "val_geracao": "Float64",
      "val_geracaolimitada": "Float64",
      "val_disponibilidade": "Float64",
      "val_geracaoreferencia": "Float64",
      "val_geracaoreferenciafinal": "Float64",
      "cod_razaorestricao": "String",
      "cod_origemrestricao": "String",
      "dsc_restricao": "String",
      "fonte": "String",
      "ano": "Int32",
      "mes": "Int32",
      "data": "Date",
      "hora": "Int32",
      "minuto": "Int32",
      "ano_mes": "String",
      "arquivo_origem": "String",
      "restricao_registrada": "Boolean",
      "volume_mwmed": "Float64",
      "energia_mwh": "Float64",
      "energia_bruta_mwh": "Float64",
      "corte_positivo": "Boolean",
      "entrada_negativa": "Boolean",
      "entrada_nao_finita": "Boolean",
      "entrada_ausente": "Boolean",
      "volume_valido": "Boolean",
      "razao_desconhecida": "Boolean",
      "origem_desconhecida": "Boolean",
      "rotulo_sem_limite": "Boolean",
      "causa": "String",
      "origem": "String",
      "disponivel_em": "Datetime(time_unit='us', time_zone=None)"
    }
  }
]
