[curtamap-fase] 2026-09-24T10:50:48.464568-03:00 preparacao
[curtamap-fase] 2026-09-24T10:50:49.731938-03:00 treino
Y:\CurtaMap Etapa 2B\worktrees\execucao-fila\.venv\Lib\site-packages\lightgbm\sklearn.py:1106: LGBMDeprecationWarning: The argument 'eval_set' is deprecated, use 'eval_X' and 'eval_y' instead.
  eval_set = _validate_eval_set_Xy(eval_set=eval_set, eval_X=eval_X, eval_y=eval_y)
Y:\CurtaMap Etapa 2B\worktrees\execucao-fila\.venv\Lib\site-packages\lightgbm\sklearn.py:1106: LGBMDeprecationWarning: The argument 'eval_set' is deprecated, use 'eval_X' and 'eval_y' instead.
  eval_set = _validate_eval_set_Xy(eval_set=eval_set, eval_X=eval_X, eval_y=eval_y)
Y:\CurtaMap Etapa 2B\worktrees\execucao-fila\.venv\Lib\site-packages\lightgbm\sklearn.py:1106: LGBMDeprecationWarning: The argument 'eval_set' is deprecated, use 'eval_X' and 'eval_y' instead.
  eval_set = _validate_eval_set_Xy(eval_set=eval_set, eval_X=eval_X, eval_y=eval_y)
Y:\CurtaMap Etapa 2B\worktrees\execucao-fila\.venv\Lib\site-packages\lightgbm\sklearn.py:1106: LGBMDeprecationWarning: The argument 'eval_set' is deprecated, use 'eval_X' and 'eval_y' instead.
  eval_set = _validate_eval_set_Xy(eval_set=eval_set, eval_X=eval_X, eval_y=eval_y)
Y:\CurtaMap Etapa 2B\worktrees\execucao-fila\.venv\Lib\site-packages\lightgbm\sklearn.py:1106: LGBMDeprecationWarning: The argument 'eval_set' is deprecated, use 'eval_X' and 'eval_y' instead.
  eval_set = _validate_eval_set_Xy(eval_set=eval_set, eval_X=eval_X, eval_y=eval_y)
Y:\CurtaMap Etapa 2B\worktrees\execucao-fila\.venv\Lib\site-packages\lightgbm\sklearn.py:1106: LGBMDeprecationWarning: The argument 'eval_set' is deprecated, use 'eval_X' and 'eval_y' instead.
  eval_set = _validate_eval_set_Xy(eval_set=eval_set, eval_X=eval_X, eval_y=eval_y)
Y:\CurtaMap Etapa 2B\worktrees\execucao-fila\.venv\Lib\site-packages\lightgbm\sklearn.py:1106: LGBMDeprecationWarning: The argument 'eval_set' is deprecated, use 'eval_X' and 'eval_y' instead.
  eval_set = _validate_eval_set_Xy(eval_set=eval_set, eval_X=eval_X, eval_y=eval_y)
Y:\CurtaMap Etapa 2B\worktrees\execucao-fila\.venv\Lib\site-packages\lightgbm\sklearn.py:1106: LGBMDeprecationWarning: The argument 'eval_set' is deprecated, use 'eval_X' and 'eval_y' instead.
  eval_set = _validate_eval_set_Xy(eval_set=eval_set, eval_X=eval_X, eval_y=eval_y)
[curtamap-fase] 2026-09-24T11:13:12.023249-03:00 previsao
[curtamap-fase] 2026-09-24T11:17:21.626773-03:00 modelos_metricas
[curtamap-fase] 2026-09-24T11:19:36.412807-03:00 pipelines
[curtamap-fase] 2026-09-24T11:20:37.634119-03:00 baselines
[curtamap-fase] 2026-09-24T11:23:41.687800-03:00 relatorio
[curtamap-fase] 2026-09-24T11:23:41.757844-03:00 fim
