25/941 partições verificadas
50/941 partições verificadas
75/941 partições verificadas
100/941 partições verificadas
125/941 partições verificadas
150/941 partições verificadas
175/941 partições verificadas
200/941 partições verificadas
225/941 partições verificadas
250/941 partições verificadas
275/941 partições verificadas
300/941 partições verificadas
325/941 partições verificadas
350/941 partições verificadas
375/941 partições verificadas
400/941 partições verificadas
425/941 partições verificadas
450/941 partições verificadas
475/941 partições verificadas
500/941 partições verificadas
525/941 partições verificadas
550/941 partições verificadas
575/941 partições verificadas
600/941 partições verificadas
625/941 partições verificadas
650/941 partições verificadas
675/941 partições verificadas
700/941 partições verificadas
725/941 partições verificadas
750/941 partições verificadas
775/941 partições verificadas
800/941 partições verificadas
825/941 partições verificadas
850/941 partições verificadas
875/941 partições verificadas
900/941 partições verificadas
925/941 partições verificadas
{
  "status": "passed",
  "checks": {
    "all_partitions_present": true,
    "single_feature_schema": true,
    "single_baseline_schema": true,
    "t0_within_range": true,
    "no_t0_in_reserved": true,
    "exactly_48_horizons": true,
    "tau_contract": true,
    "no_history_after_t0": true,
    "labels_released_after_t0": true,
    "no_par": true,
    "baselines_4_per_request": true,
    "baseline_values_finite": true,
    "required_values_present": true,
    "partition_dates_match": true,
    "source_matches": true,
    "first_release_matches_calendar": true,
    "no_emission_before_first_release": true,
    "validation_excludes_reserved_tau": true
  },
  "error": null
}
