delay-eolica-v1-001 ok
delay-eolica-v2-001 ok
delay-eolica-v3-001 ok
delay-eolica-v4-001 ok
delay-fotovoltaica-v1-001 ok
delay-fotovoltaica-v2-001 ok
delay-fotovoltaica-v3-001 ok
delay-fotovoltaica-v4-001 ok
main-eolica-v1-002 ok
main-eolica-v2-004 ok
main-eolica-v3-001 ok
main-eolica-v4-001 ok
main-fotovoltaica-v1-001 ok
main-fotovoltaica-v2-001 ok
main-fotovoltaica-v3-001 ok
main-fotovoltaica-v4-001 ok
pilot-eolica-001 ok
{
 "checksum_entries": 650,
 "problems": [],
 "junctions": {
  "temporarios": "\\\\?\\Y:\\CurtaMap Etapa 2B\\temporarios",
  "experimentos\\stage2b-datasets": "\\\\?\\Y:\\CurtaMap Etapa 2B\\experimentos\\stage2b-datasets",
  "experimentos\\delay-eolica-v1-001\\predictions": "\\\\?\\Y:\\CurtaMap Etapa 2B\\experimentos\\delay-eolica-v1-001\\predictions",
  "experimentos\\delay-eolica-v2-001\\predictions": "\\\\?\\Y:\\CurtaMap Etapa 2B\\experimentos\\delay-eolica-v2-001\\predictions",
  "experimentos\\delay-eolica-v3-001\\predictions": "\\\\?\\Y:\\CurtaMap Etapa 2B\\experimentos\\delay-eolica-v3-001\\predictions",
  "experimentos\\delay-eolica-v4-001\\predictions": "\\\\?\\Y:\\CurtaMap Etapa 2B\\experimentos\\delay-eolica-v4-001\\predictions",
  "experimentos\\delay-fotovoltaica-v1-001\\predictions": "\\\\?\\Y:\\CurtaMap Etapa 2B\\experimentos\\delay-fotovoltaica-v1-001\\predictions",
  "experimentos\\delay-fotovoltaica-v2-001\\predictions": "\\\\?\\Y:\\CurtaMap Etapa 2B\\experimentos\\delay-fotovoltaica-v2-001\\predictions",
  "experimentos\\delay-fotovoltaica-v3-001\\predictions": "\\\\?\\Y:\\CurtaMap Etapa 2B\\experimentos\\delay-fotovoltaica-v3-001\\predictions",
  "experimentos\\delay-fotovoltaica-v4-001\\predictions": "\\\\?\\Y:\\CurtaMap Etapa 2B\\experimentos\\delay-fotovoltaica-v4-001\\predictions",
  "experimentos\\main-eolica-v1-002\\predictions": "\\\\?\\Y:\\CurtaMap Etapa 2B\\experimentos\\main-eolica-v1-002\\predictions",
  "experimentos\\main-eolica-v2-004\\predictions": "\\\\?\\Y:\\CurtaMap Etapa 2B\\experimentos\\main-eolica-v2-004\\predictions",
  "experimentos\\main-eolica-v3-001\\predictions": "\\\\?\\Y:\\CurtaMap Etapa 2B\\experimentos\\main-eolica-v3-001\\predictions",
  "experimentos\\main-eolica-v4-001\\predictions": "\\\\?\\Y:\\CurtaMap Etapa 2B\\experimentos\\main-eolica-v4-001\\predictions",
  "experimentos\\main-fotovoltaica-v1-001\\predictions": "\\\\?\\Y:\\CurtaMap Etapa 2B\\experimentos\\main-fotovoltaica-v1-001\\predictions",
  "experimentos\\main-fotovoltaica-v2-001\\predictions": "\\\\?\\Y:\\CurtaMap Etapa 2B\\experimentos\\main-fotovoltaica-v2-001\\predictions",
  "experimentos\\main-fotovoltaica-v3-001\\predictions": "\\\\?\\Y:\\CurtaMap Etapa 2B\\experimentos\\main-fotovoltaica-v3-001\\predictions",
  "experimentos\\main-fotovoltaica-v4-001\\predictions": "\\\\?\\Y:\\CurtaMap Etapa 2B\\experimentos\\main-fotovoltaica-v4-001\\predictions"
 }
}
